// Jest Snapshot v1, https://goo.gl/fbAQLP

exports[`renders correctly 1`] = `
.c0 {
  height: 600px;
  background-color: #37474F;
  width: 612px;
}

.c1 {
  background-color: #404F57;
  box-shadow: inset 0 -1px 0 0 rgba(255,255,255,0.06);
  border-radius: 6px 6px 0 0;
}

<div
  className="c0"
>
  <div
    className="c1"
  >
    wazaa
  </div>
</div>
`;
