// Jest Snapshot v1, https://goo.gl/fbAQLP

exports[`renders as it should 1`] = `
.c0 {
  max-width: 1200px;
  margin: 0 auto;
}

<div
  className="c0"
>
  <div>
    children element
  </div>
</div>
`;
