// Jest Snapshot v1, https://goo.gl/fbAQLP

exports[`renders correctly 1`] = `
.c0 {
  display: -webkit-box;
  display: -webkit-flex;
  display: -ms-flexbox;
  display: flex;
  -webkit-box-pack: justify;
  -webkit-justify-content: space-between;
  -ms-flex-pack: justify;
  justify-content: space-between;
  border-bottom: 1px solid rgba(137,151,159,0.2);
}

.c1 {
  padding: 48px 0px 16px 0px;
  text-transform: uppercase;
  font-size: 32px;
  color: #8CC14E;
  margin: 0;
}

<div
  className="c0"
>
  <h1
    className="c1"
  />
</div>
`;
