// Jest Snapshot v1, https://goo.gl/fbAQLP

exports[`renders correctly 1`] = `
.c0 {
  background-color: #eef1f6;
}

.c1 {
  display: -webkit-box;
  display: -webkit-flex;
  display: -ms-flexbox;
  display: flex;
  -webkit-flex-direction: row;
  -ms-flex-direction: row;
  flex-direction: row;
  -webkit-box-pack: justify;
  -webkit-justify-content: space-between;
  -ms-flex-pack: justify;
  justify-content: space-between;
  -webkit-align-items: center;
  -webkit-box-align: center;
  -ms-flex-align: center;
  align-items: center;
}

.c2 {
  max-width: 1200px;
  margin: 0 auto;
}

.c3 {
  width: 100%;
  height: 88px;
  background-color: #FFFFFF;
  box-shadow: inset 0 -1px 0 0 rgba(137,151,159,0.15);
}

<header
  className="c0"
>
  <div
    className="c1 c2"
  >
    <div
      className="c3"
    />
  </div>
</header>
`;
