// Jest Snapshot v1, https://goo.gl/fbAQLP

exports[`renders correctly 1`] = `
.c0 {
  display: -webkit-box;
  display: -webkit-flex;
  display: -ms-flexbox;
  display: flex;
  -webkit-align-items: center;
  -webkit-box-align: center;
  -ms-flex-align: center;
  align-items: center;
  -webkit-box-pack: center;
  -webkit-justify-content: center;
  -ms-flex-pack: center;
  justify-content: center;
  cursor: pointer;
  height: 32px;
  width: 32px;
  border-radius: 24px;
  background-color: #89979F;
}

.c0:hover {
  background-color: #57646b;
}

<div
  className="c0"
  size={undefined}
>
  <i
    className=""
  />
</div>
`;
