// Jest Snapshot v1, https://goo.gl/fbAQLP

exports[`renders correctly 1`] = `
.c0 {
  width: 100%;
  height: 88px;
  background-color: #FFFFFF;
  box-shadow: inset 0 -1px 0 0 rgba(137,151,159,0.15);
}

<div
  className="c0"
/>
`;
