// Jest Snapshot v1, https://goo.gl/fbAQLP

exports[`renders correctly 1`] = `
.c0 {
  position: fixed;
  left: 0;
  top: 0;
  height: 100vh;
  width: 120px;
  display: -webkit-box;
  display: -webkit-flex;
  display: -ms-flexbox;
  display: flex;
  -webkit-flex-direction: column;
  -ms-flex-direction: column;
  flex-direction: column;
  box-shadow: -5px 0 20px 0 rgba(0,0,0,0.5);
  z-index: 1000;
}

.c1 {
  width: 100%;
  height: 88px;
  background-color: #FFFFFF;
  box-shadow: inset 0 -1px 0 0 rgba(137,151,159,0.15);
}

.c2 {
  text-decoration: none;
  color: white;
  text-align: center;
  cursor: pointer;
  height: 92px;
  padding: 14px 16px;
  box-shadow: inset 0 -1px 0 0 rgba(137,151,159,0.15);
}

.c3 {
  font-size: 32px;
}

.c4 {
  line-height: 15px;
  padding-top: 8px;
  font-size: 14px;
  text-transform: uppercase;
}

<div
  className="c0"
>
  <div
    className="c1"
    icon=""
  />
  <a
    className="c2"
    disabled={false}
    href="/"
    onClick={[Function]}
  >
    <i
      className="el-icon-edit c3"
      style={Object {}}
    />
    <div
      className="c4"
    >
      Monitoring Dashboard
    </div>
  </a>
  <a
    className="c2"
    disabled={false}
    href="/slices"
    onClick={[Function]}
  >
    <i
      className="el-icon-edit c3"
      style={Object {}}
    />
    <div
      className="c4"
    >
      Slices
    </div>
  </a>
  <a
    className="c2"
    disabled={false}
    href="/network"
    onClick={[Function]}
  >
    <i
      className="el-icon-edit c3"
      style={Object {}}
    />
    <div
      className="c4"
    >
      Network Services
    </div>
  </a>
  <a
    className="c2"
    disabled={false}
    href="/settings"
    onClick={[Function]}
  >
    <i
      className="el-icon-edit c3"
      style={Object {}}
    />
    <div
      className="c4"
    >
      Settings
    </div>
  </a>
</div>
`;
