// Jest Snapshot v1, https://goo.gl/fbAQLP

exports[`renders correctly 1`] = `
.c0 {
  position: absolute;
  margin: 0;
  width: 120px;
  display: block;
  box-shadow: -5px 0 20px 0 rgba(0,0,0,0.5);
  height: 100%;
}

<nav
  className="c0"
/>
`;
