// Jest Snapshot v1, https://goo.gl/fbAQLP

exports[`renders correctly 1`] = `
.c0 {
  display: none;
  position: absolute;
  width: 100%;
  height: 100%;
  background-color: rgba(137,151,159,0.15);
  -webkit-box-pack: center;
  -webkit-justify-content: center;
  -ms-flex-pack: center;
  justify-content: center;
  -webkit-align-items: center;
  -webkit-box-align: center;
  -ms-flex-align: center;
  align-items: center;
  z-index: 999;
}

.c1 {
  -webkit-animation: rotate 1s linear infinite;
  animation: rotate 1s linear infinite;
  width: 50px;
  height: 50px;
}

.c1 .path {
  stroke-linecap: round;
  -webkit-animation: dash 1.5s ease-in-out infinite;
  animation: dash 1.5s ease-in-out infinite;
}

<div
  className="c0"
>
  <svg
    className="c1"
  >
    <circle
      className="path"
      cx="25"
      cy="25"
      fill="none"
      r="20"
      strokeWidth="4"
    />
  </svg>
</div>
`;
